test content for ci